// Jest Snapshot v1, https://goo.gl/fbAQLP

exports[`CodePipeline should match the template snapshot 1`] = `
"Resources:
  Repository22E53BBD:
    Type: 'AWS::CodeCommit::Repository'
    Properties:
      RepositoryName: code-repo
      Triggers: []
  CodePipelineArtifactsBucketF1E925CF:
    Type: 'AWS::S3::Bucket'
    DeletionPolicy: Retain
  CodePipelineRoleB3A660B4:
    Type: 'AWS::IAM::Role'
    Properties:
      AssumeRolePolicyDocument:
        Statement:
          - Action: 'sts:AssumeRole'
            Effect: Allow
            Principal:
              Service: codepipeline.amazonaws.com
        Version: '2012-10-17'
  CodePipelineRoleDefaultPolicy8D520A8D:
    Type: 'AWS::IAM::Policy'
    Properties:
      PolicyDocument:
        Statement:
          - Action:
              - 's3:GetObject*'
              - 's3:GetBucket*'
              - 's3:List*'
              - 's3:DeleteObject*'
              - 's3:PutObject*'
              - 's3:Abort*'
            Effect: Allow
            Resource:
              - 'Fn::GetAtt':
                  - CodePipelineArtifactsBucketF1E925CF
                  - Arn
              - 'Fn::Join':
                  - ''
                  - - 'Fn::GetAtt':
                        - CodePipelineArtifactsBucketF1E925CF
                        - Arn
                    - /*
          - Action:
              - 'codecommit:GetBranch'
              - 'codecommit:GetCommit'
              - 'codecommit:UploadArchive'
              - 'codecommit:GetUploadArchiveStatus'
              - 'codecommit:CancelUploadArchive'
            Effect: Allow
            Resource:
              'Fn::GetAtt':
                - Repository22E53BBD
                - Arn
          - Action:
              - 'codebuild:BatchGetBuilds'
              - 'codebuild:StartBuild'
              - 'codebuild:StopBuild'
            Effect: Allow
            Resource:
              'Fn::GetAtt':
                - BuildAndTestB9A2F419
                - Arn
          - Action:
              - 'codebuild:BatchGetBuilds'
              - 'codebuild:StartBuild'
              - 'codebuild:StopBuild'
            Effect: Allow
            Resource:
              'Fn::GetAtt':
                - DeployToProd5A783BE8
                - Arn
        Version: '2012-10-17'
      PolicyName: CodePipelineRoleDefaultPolicy8D520A8D
      Roles:
        - Ref: CodePipelineRoleB3A660B4
  CodePipelineB74E5936:
    Type: 'AWS::CodePipeline::Pipeline'
    Properties:
      ArtifactStore:
        Location:
          Ref: CodePipelineArtifactsBucketF1E925CF
        Type: S3
      RoleArn:
        'Fn::GetAtt':
          - CodePipelineRoleB3A660B4
          - Arn
      Stages:
        - Actions:
            - ActionTypeId:
                Category: Source
                Owner: AWS
                Provider: CodeCommit
                Version: '1'
              Configuration:
                RepositoryName:
                  'Fn::GetAtt':
                    - Repository22E53BBD
                    - Name
                BranchName: master
                PollForSourceChanges: true
              InputArtifacts: []
              Name: SourceAction
              OutputArtifacts:
                - Name: Artifact_SourceAction
              RunOrder: 1
          Name: SourceStage
        - Actions:
            - ActionTypeId:
                Category: Build
                Owner: AWS
                Provider: CodeBuild
                Version: '1'
              Configuration:
                ProjectName:
                  Ref: BuildAndTestB9A2F419
              InputArtifacts:
                - Name: Artifact_SourceAction
              Name: BuildAndTestAction
              OutputArtifacts:
                - Name: Artifact_BuildAndTestAction
              RunOrder: 1
          Name: DevStage
        - Actions:
            - ActionTypeId:
                Category: Build
                Owner: AWS
                Provider: CodeBuild
                Version: '1'
              Configuration:
                ProjectName:
                  Ref: DeployToProd5A783BE8
              InputArtifacts:
                - Name: Artifact_BuildAndTestAction
              Name: prodDeployAction
              OutputArtifacts:
                - Name: Artifact_prodDeployAction
              RunOrder: 1
          Name: ProdStage
      Name: code-pipeline
      RestartExecutionOnUpdate: true
    DependsOn:
      - CodePipelineRoleB3A660B4
      - CodePipelineRoleDefaultPolicy8D520A8D
  CodeBuildRole728CBADE:
    Type: 'AWS::IAM::Role'
    Properties:
      AssumeRolePolicyDocument:
        Statement:
          - Action: 'sts:AssumeRole'
            Effect: Allow
            Principal:
              Service: codebuild.amazonaws.com
        Version: '2012-10-17'
      ManagedPolicyArns:
        - 'arn:aws:iam::aws:policy/AdministratorAccess'
  CodeBuildRoleDefaultPolicy829527DE:
    Type: 'AWS::IAM::Policy'
    Properties:
      PolicyDocument:
        Statement:
          - Action:
              - 'logs:CreateLogGroup'
              - 'logs:CreateLogStream'
              - 'logs:PutLogEvents'
            Effect: Allow
            Resource:
              - 'Fn::Join':
                  - ''
                  - - 'arn:'
                    - Ref: 'AWS::Partition'
                    - ':logs:'
                    - Ref: 'AWS::Region'
                    - ':'
                    - Ref: 'AWS::AccountId'
                    - ':log-group:/aws/codebuild/'
                    - Ref: BuildAndTestB9A2F419
              - 'Fn::Join':
                  - ''
                  - - 'arn:'
                    - Ref: 'AWS::Partition'
                    - ':logs:'
                    - Ref: 'AWS::Region'
                    - ':'
                    - Ref: 'AWS::AccountId'
                    - ':log-group:/aws/codebuild/'
                    - Ref: BuildAndTestB9A2F419
                    - ':*'
          - Action:
              - 's3:GetObject*'
              - 's3:GetBucket*'
              - 's3:List*'
              - 's3:DeleteObject*'
              - 's3:PutObject*'
              - 's3:Abort*'
            Effect: Allow
            Resource:
              - 'Fn::GetAtt':
                  - CodePipelineArtifactsBucketF1E925CF
                  - Arn
              - 'Fn::Join':
                  - ''
                  - - 'Fn::GetAtt':
                        - CodePipelineArtifactsBucketF1E925CF
                        - Arn
                    - /*
          - Action:
              - 'logs:CreateLogGroup'
              - 'logs:CreateLogStream'
              - 'logs:PutLogEvents'
            Effect: Allow
            Resource:
              - 'Fn::Join':
                  - ''
                  - - 'arn:'
                    - Ref: 'AWS::Partition'
                    - ':logs:'
                    - Ref: 'AWS::Region'
                    - ':'
                    - Ref: 'AWS::AccountId'
                    - ':log-group:/aws/codebuild/'
                    - Ref: DeployToProd5A783BE8
              - 'Fn::Join':
                  - ''
                  - - 'arn:'
                    - Ref: 'AWS::Partition'
                    - ':logs:'
                    - Ref: 'AWS::Region'
                    - ':'
                    - Ref: 'AWS::AccountId'
                    - ':log-group:/aws/codebuild/'
                    - Ref: DeployToProd5A783BE8
                    - ':*'
          - Action:
              - 's3:GetObject*'
              - 's3:GetBucket*'
              - 's3:List*'
              - 's3:DeleteObject*'
              - 's3:PutObject*'
              - 's3:Abort*'
            Effect: Allow
            Resource:
              - 'Fn::GetAtt':
                  - CodePipelineArtifactsBucketF1E925CF
                  - Arn
              - 'Fn::Join':
                  - ''
                  - - 'Fn::GetAtt':
                        - CodePipelineArtifactsBucketF1E925CF
                        - Arn
                    - /*
        Version: '2012-10-17'
      PolicyName: CodeBuildRoleDefaultPolicy829527DE
      Roles:
        - Ref: CodeBuildRole728CBADE
  BuildAndTestB9A2F419:
    Type: 'AWS::CodeBuild::Project'
    Properties:
      Artifacts:
        Type: CODEPIPELINE
      Environment:
        ComputeType: BUILD_GENERAL1_SMALL
        Image: 'aws/codebuild/nodejs:8.11.0'
        PrivilegedMode: false
        Type: LINUX_CONTAINER
      ServiceRole:
        'Fn::GetAtt':
          - CodeBuildRole728CBADE
          - Arn
      Source:
        Type: CODEPIPELINE
  DeployToProd5A783BE8:
    Type: 'AWS::CodeBuild::Project'
    Properties:
      Artifacts:
        Type: CODEPIPELINE
      Environment:
        ComputeType: BUILD_GENERAL1_SMALL
        Image: 'aws/codebuild/nodejs:8.11.0'
        PrivilegedMode: false
        Type: LINUX_CONTAINER
      ServiceRole:
        'Fn::GetAtt':
          - CodeBuildRole728CBADE
          - Arn
      Source:
        Type: CODEPIPELINE
"
`;
